1. Фрома отцентровать по вертикали
2. После добавления input не очищается
3. Иконки выровнить